
> remeber-calender@0.0.0 build
> tsc -b && vite build

src/components/Calendar/CalendarGrid.tsx(7,1): error TS6192: All imports in import declaration are unused.
src/components/Calendar/CalendarGrid.tsx(22,44): error TS6133: 'monthLabel' is declared but its value is never read.
src/components/Sidebar/Sidebar.tsx(3,1): error TS6133: 'format' is declared but its value is never read.
src/layouts/MainLayout.tsx(5,1): error TS6133: 'useCalendarContext' is declared but its value is never read.
src/pages/Reminder.tsx(8,21): error TS6133: 'loading' is declared but its value is never read.
src/pages/Reminder.tsx(10,11): error TS6133: 'itemsWithReview' is declared but its value is never read.
src/pages/Reminder.tsx(11,11): error TS6133: 'itemsWithCaptions' is declared but its value is never read.
